12:29:21.563 [cluster-ClusterId{value='6a66fabefea953fd80cf33b7', description='Cluster0'}-ac-qe1zawo-shard-00-01.dz4chyy.mongodb.net:27017] INFO  org.mongodb.driver.cluster -Exception in monitor thread while connecting to server ac-qe1zawo-shard-00-01.dz4chyy.mongodb.net:27017
com.mongodb.MongoSocketReadTimeoutException: Timeout while receiving message
	at com.mongodb.internal.connection.InternalStreamConnection.createReadTimeoutException(InternalStreamConnection.java:819)
	at com.mongodb.internal.connection.InternalStreamConnection.translateReadException(InternalStreamConnection.java:807)
	at com.mongodb.internal.connection.InternalStreamConnection.receiveResponseBuffers(InternalStreamConnection.java:857)
	at com.mongodb.internal.connection.InternalStreamConnection.receiveCommandMessageResponse(InternalStreamConnection.java:517)
	at com.mongodb.internal.connection.InternalStreamConnection.receive(InternalStreamConnection.java:469)
	at com.mongodb.internal.connection.DefaultServerMonitor$ServerMonitor.lookupServerDescription(DefaultServerMonitor.java:249)
	at com.mongodb.internal.connection.DefaultServerMonitor$ServerMonitor.run(DefaultServerMonitor.java:176)
Caused by: java.net.SocketTimeoutException: Read timed out
	at java.base/sun.nio.ch.NioSocketImpl.timedRead(NioSocketImpl.java:288)
	at java.base/sun.nio.ch.NioSocketImpl.implRead(NioSocketImpl.java:314)
	at java.base/sun.nio.ch.NioSocketImpl.read(NioSocketImpl.java:355)
	at java.base/sun.nio.ch.NioSocketImpl$1.read(NioSocketImpl.java:808)
	at java.base/java.net.Socket$SocketInputStream.read(Socket.java:966)
	at java.base/sun.security.ssl.SSLSocketInputRecord.read(SSLSocketInputRecord.java:484)
	at java.base/sun.security.ssl.SSLSocketInputRecord.readHeader(SSLSocketInputRecord.java:478)
	at java.base/sun.security.ssl.SSLSocketInputRecord.bytesInCompletePacket(SSLSocketInputRecord.java:70)
	at java.base/sun.security.ssl.SSLSocketImpl.readApplicationRecord(SSLSocketImpl.java:1465)
	at java.base/sun.security.ssl.SSLSocketImpl$AppInputStream.read(SSLSocketImpl.java:1069)
	at com.mongodb.internal.connection.SocketStream.read(SocketStream.java:182)
	at com.mongodb.internal.connection.InternalStreamConnection.receiveResponseBuffers(InternalStreamConnection.java:824)
	... 4 common frames omitted
12:29:25.053 [cluster-ClusterId{value='6a66fabefea953fd80cf33b7', description='Cluster0'}-ac-qe1zawo-shard-00-01.dz4chyy.mongodb.net:27017] INFO  org.mongodb.driver.cluster -Monitor thread successfully connected to server with description ServerDescription{address=ac-qe1zawo-shard-00-01.dz4chyy.mongodb.net:27017, type=REPLICA_SET_PRIMARY, cryptd=false, state=CONNECTED, ok=true, minWireVersion=0, maxWireVersion=25, maxDocumentSize=16777216, logicalSessionTimeoutMinutes=30, roundTripTimeNanos=3119760600, minRoundTripTimeNanos=0, setName='atlas-6bv22o-shard-0', canonicalAddress=ac-qe1zawo-shard-00-01.dz4chyy.mongodb.net:27017, hosts=[ac-qe1zawo-shard-00-01.dz4chyy.mongodb.net:27017, ac-qe1zawo-shard-00-00.dz4chyy.mongodb.net:27017, ac-qe1zawo-shard-00-02.dz4chyy.mongodb.net:27017], passives=[], arbiters=[], primary='ac-qe1zawo-shard-00-01.dz4chyy.mongodb.net:27017', tagSet=TagSet{[Tag{name='availabilityZone', value='aps1-az3'}, Tag{name='cacheState', value='READY'}, Tag{name='diskState', value='READY'}, Tag{name='nodeType', value='ELECTABLE'}, Tag{name='provider', value='AWS'}, Tag{name='region', value='AP_SOUTH_1'}, Tag{name='workloadType', value='OPERATIONAL'}]}, electionId=7fffffff0000000000000073, setVersion=44, topologyVersion=TopologyVersion{processId=6a60bfcf6e22dbad8faf1c45, counter=6}, lastWriteDate=Mon Jul 27 12:29:24 IST 2026, lastUpdateTimeNanos=481386791783800}
12:29:25.204 [cluster-ClusterId{value='6a66fabefea953fd80cf33b7', description='Cluster0'}-ac-qe1zawo-shard-00-01.dz4chyy.mongodb.net:27017] INFO  org.mongodb.driver.cluster -Discovered replica set primary ac-qe1zawo-shard-00-01.dz4chyy.mongodb.net:27017 with max election id 7fffffff0000000000000073 and max set version 44
